2026-09-22 22:48:14 0 [Note] Starting MariaDB 10.4.32-MariaDB source revision c4143f909528e3fab0677a28631d10389354c491 as process 3960
2026-09-22 22:48:14 0 [Note] InnoDB: Mutexes and rw_locks use Windows interlocked functions
2026-09-22 22:48:14 0 [Note] InnoDB: Uses event mutexes
2026-09-22 22:48:14 0 [Note] InnoDB: Compressed tables use zlib 1.3
2026-09-22 22:48:14 0 [Note] InnoDB: Number of pools: 1
2026-09-22 22:48:14 0 [Note] InnoDB: Using SSE2 crc32 instructions
2026-09-22 22:48:14 0 [Note] InnoDB: Initializing buffer pool, total size = 16M, instances = 1, chunk size = 16M
2026-09-22 22:48:14 0 [Note] InnoDB: Completed initialization of buffer pool
2026-09-22 22:48:14 0 [Note] InnoDB: Starting crash recovery from checkpoint LSN=300288
2026-09-22 22:48:14 0 [Note] InnoDB: 128 out of 128 rollback segments are active.
2026-09-22 22:48:14 0 [Note] InnoDB: Removed temporary tablespace data file: "ibtmp1"
2026-09-22 22:48:14 0 [Note] InnoDB: Creating shared tablespace for temporary tables
2026-09-22 22:48:14 0 [Note] InnoDB: Setting file 'C:\xampp\mysql\data\ibtmp1' size to 12 MB. Physically writing the file full; Please wait ...
2026-09-22 22:48:14 0 [Note] InnoDB: File 'C:\xampp\mysql\data\ibtmp1' size is now 12 MB.
2026-09-22 22:48:14 0 [Note] InnoDB: Waiting for purge to start
2026-09-22 22:48:14 0 [Note] InnoDB: 10.4.32 started; log sequence number 300297; transaction id 170
2026-09-22 22:48:14 0 [Note] InnoDB: Loading buffer pool(s) from C:\xampp\mysql\data\ib_buffer_pool
2026-09-22 22:48:14 0 [Note] Plugin 'FEEDBACK' is disabled.
2026-09-22 22:48:14 0 [Note] Server socket created on IP: '::'.
2026-09-22 22:48:14 0 [Note] InnoDB: Buffer pool(s) load completed at 260922 22:48:14
2026-09-22 22:48:14 0 [ERROR] Can't start server: Bind on TCP/IP port. Got error: 10048: Only one usage of each socket address (protocol/network address/port) is normally permitted.

2026-09-22 22:48:14 0 [ERROR] Do you already have another mysqld server running on port: 3306 ?
2026-09-22 22:48:14 0 [ERROR] Aborting
2026-09-22 22:51:15 0 [Note] Starting MariaDB 10.4.32-MariaDB source revision c4143f909528e3fab0677a28631d10389354c491 as process 10704
2026-09-22 22:51:15 0 [Note] InnoDB: Mutexes and rw_locks use Windows interlocked functions
2026-09-22 22:51:15 0 [Note] InnoDB: Uses event mutexes
2026-09-22 22:51:15 0 [Note] InnoDB: Compressed tables use zlib 1.3
2026-09-22 22:51:15 0 [Note] InnoDB: Number of pools: 1
2026-09-22 22:51:15 0 [Note] InnoDB: Using SSE2 crc32 instructions
2026-09-22 22:51:15 0 [Note] InnoDB: Initializing buffer pool, total size = 16M, instances = 1, chunk size = 16M
2026-09-22 22:51:15 0 [Note] InnoDB: Completed initialization of buffer pool
2026-09-22 22:51:15 0 [Note] InnoDB: 128 out of 128 rollback segments are active.
2026-09-22 22:51:15 0 [Note] InnoDB: Creating shared tablespace for temporary tables
2026-09-22 22:51:15 0 [Note] InnoDB: Setting file 'C:\xampp\mysql\data\ibtmp1' size to 12 MB. Physically writing the file full; Please wait ...
2026-09-22 22:51:15 0 [Note] InnoDB: File 'C:\xampp\mysql\data\ibtmp1' size is now 12 MB.
2026-09-22 22:51:15 0 [Note] InnoDB: Waiting for purge to start
2026-09-22 22:51:15 0 [Note] InnoDB: 10.4.32 started; log sequence number 300306; transaction id 170
2026-09-22 22:51:15 0 [Note] InnoDB: Loading buffer pool(s) from C:\xampp\mysql\data\ib_buffer_pool
2026-09-22 22:51:15 0 [Note] Plugin 'FEEDBACK' is disabled.
2026-09-22 22:51:15 0 [Note] Server socket created on IP: '::'.
2026-09-22 22:51:15 0 [Note] InnoDB: Buffer pool(s) load completed at 260922 22:51:15
2026-09-22 22:51:15 0 [ERROR] Can't start server: Bind on TCP/IP port. Got error: 10048: Only one usage of each socket address (protocol/network address/port) is normally permitted.

2026-09-22 22:51:15 0 [ERROR] Do you already have another mysqld server running on port: 3306 ?
2026-09-22 22:51:15 0 [ERROR] Aborting
2026-09-22 23:13:24 0 [Note] Starting MariaDB 10.4.32-MariaDB source revision c4143f909528e3fab0677a28631d10389354c491 as process 3460
2026-09-22 23:13:24 0 [Note] InnoDB: Mutexes and rw_locks use Windows interlocked functions
2026-09-22 23:13:24 0 [Note] InnoDB: Uses event mutexes
2026-09-22 23:13:24 0 [Note] InnoDB: Compressed tables use zlib 1.3
2026-09-22 23:13:24 0 [Note] InnoDB: Number of pools: 1
2026-09-22 23:13:24 0 [Note] InnoDB: Using SSE2 crc32 instructions
2026-09-22 23:13:24 0 [Note] InnoDB: Initializing buffer pool, total size = 16M, instances = 1, chunk size = 16M
2026-09-22 23:13:24 0 [Note] InnoDB: Completed initialization of buffer pool
2026-09-22 23:13:24 0 [Note] InnoDB: 128 out of 128 rollback segments are active.
2026-09-22 23:13:24 0 [Note] InnoDB: Creating shared tablespace for temporary tables
2026-09-22 23:13:24 0 [Note] InnoDB: Setting file 'C:\xampp\mysql\data\ibtmp1' size to 12 MB. Physically writing the file full; Please wait ...
2026-09-22 23:13:24 0 [Note] InnoDB: File 'C:\xampp\mysql\data\ibtmp1' size is now 12 MB.
2026-09-22 23:13:24 0 [Note] InnoDB: Waiting for purge to start
2026-09-22 23:13:24 0 [Note] InnoDB: 10.4.32 started; log sequence number 300315; transaction id 170
2026-09-22 23:13:24 0 [Note] InnoDB: Loading buffer pool(s) from C:\xampp\mysql\data\ib_buffer_pool
2026-09-22 23:13:24 0 [Note] Plugin 'FEEDBACK' is disabled.
2026-09-22 23:13:24 0 [Note] InnoDB: Buffer pool(s) load completed at 260922 23:13:24
2026-09-22 23:13:24 0 [Note] Server socket created on IP: '::'.
2026-10-02 16:30:33 0 [Note] Starting MariaDB 10.4.32-MariaDB source revision c4143f909528e3fab0677a28631d10389354c491 as process 19980
2026-10-02 16:30:33 0 [Note] InnoDB: Mutexes and rw_locks use Windows interlocked functions
2026-10-02 16:30:33 0 [Note] InnoDB: Uses event mutexes
2026-10-02 16:30:33 0 [Note] InnoDB: Compressed tables use zlib 1.3
2026-10-02 16:30:33 0 [Note] InnoDB: Number of pools: 1
2026-10-02 16:30:33 0 [Note] InnoDB: Using SSE2 crc32 instructions
2026-10-02 16:30:33 0 [Note] InnoDB: Initializing buffer pool, total size = 16M, instances = 1, chunk size = 16M
2026-10-02 16:30:33 0 [Note] InnoDB: Completed initialization of buffer pool
2026-10-02 16:30:33 0 [Note] InnoDB: Starting crash recovery from checkpoint LSN=710957
2026-10-02 16:30:33 0 [Note] InnoDB: 128 out of 128 rollback segments are active.
2026-10-02 16:30:33 0 [Note] InnoDB: Removed temporary tablespace data file: "ibtmp1"
2026-10-02 16:30:33 0 [Note] InnoDB: Creating shared tablespace for temporary tables
2026-10-02 16:30:33 0 [Note] InnoDB: Setting file 'C:\xampp\mysql\data\ibtmp1' size to 12 MB. Physically writing the file full; Please wait ...
2026-10-02 16:30:33 0 [Note] InnoDB: File 'C:\xampp\mysql\data\ibtmp1' size is now 12 MB.
2026-10-02 16:30:33 0 [Note] InnoDB: Waiting for purge to start
2026-10-02 16:30:33 0 [Note] InnoDB: 10.4.32 started; log sequence number 710966; transaction id 550
2026-10-02 16:30:33 0 [Note] InnoDB: Loading buffer pool(s) from C:\xampp\mysql\data\ib_buffer_pool
2026-10-02 16:30:33 0 [Note] Plugin 'FEEDBACK' is disabled.
2026-10-02 16:30:33 0 [Note] InnoDB: Buffer pool(s) load completed at 261002 16:30:33
2026-10-02 16:30:33 0 [Note] Server socket created on IP: '::'.
2026-10-02 16:30:33 0 [ERROR] Can't start server: Bind on TCP/IP port. Got error: 10048: Only one usage of each socket address (protocol/network address/port) is normally permitted.

2026-10-02 16:30:33 0 [ERROR] Do you already have another mysqld server running on port: 3306 ?
2026-10-02 16:30:33 0 [ERROR] Aborting
2026-10-02 16:33:21 0 [Note] Starting MariaDB 10.4.32-MariaDB source revision c4143f909528e3fab0677a28631d10389354c491 as process 27012
2026-10-02 16:33:21 0 [Note] InnoDB: Mutexes and rw_locks use Windows interlocked functions
2026-10-02 16:33:21 0 [Note] InnoDB: Uses event mutexes
2026-10-02 16:33:21 0 [Note] InnoDB: Compressed tables use zlib 1.3
2026-10-02 16:33:21 0 [Note] InnoDB: Number of pools: 1
2026-10-02 16:33:21 0 [Note] InnoDB: Using SSE2 crc32 instructions
2026-10-02 16:33:21 0 [Note] InnoDB: Initializing buffer pool, total size = 16M, instances = 1, chunk size = 16M
2026-10-02 16:33:21 0 [Note] InnoDB: Completed initialization of buffer pool
2026-10-02 16:33:21 0 [Note] InnoDB: 128 out of 128 rollback segments are active.
2026-10-02 16:33:21 0 [Note] InnoDB: Creating shared tablespace for temporary tables
2026-10-02 16:33:21 0 [Note] InnoDB: Setting file 'C:\xampp\mysql\data\ibtmp1' size to 12 MB. Physically writing the file full; Please wait ...
2026-10-02 16:33:21 0 [Note] InnoDB: File 'C:\xampp\mysql\data\ibtmp1' size is now 12 MB.
2026-10-02 16:33:21 0 [Note] InnoDB: Waiting for purge to start
2026-10-02 16:33:21 0 [Note] InnoDB: 10.4.32 started; log sequence number 710975; transaction id 550
2026-10-02 16:33:21 0 [Note] InnoDB: Loading buffer pool(s) from C:\xampp\mysql\data\ib_buffer_pool
2026-10-02 16:33:21 0 [Note] Plugin 'FEEDBACK' is disabled.
2026-10-02 16:33:21 0 [Note] InnoDB: Buffer pool(s) load completed at 261002 16:33:21
2026-10-02 16:33:21 0 [Note] Server socket created on IP: '::'.
2026-10-02 16:33:21 0 [ERROR] Can't start server: Bind on TCP/IP port. Got error: 10048: Only one usage of each socket address (protocol/network address/port) is normally permitted.

2026-10-02 16:33:21 0 [ERROR] Do you already have another mysqld server running on port: 3306 ?
2026-10-02 16:33:21 0 [ERROR] Aborting
2026-10-02 17:07:47 0 [Note] Starting MariaDB 10.4.32-MariaDB source revision c4143f909528e3fab0677a28631d10389354c491 as process 10080
2026-10-02 17:07:47 0 [Note] InnoDB: Mutexes and rw_locks use Windows interlocked functions
2026-10-02 17:07:47 0 [Note] InnoDB: Uses event mutexes
2026-10-02 17:07:47 0 [Note] InnoDB: Compressed tables use zlib 1.3
2026-10-02 17:07:47 0 [Note] InnoDB: Number of pools: 1
2026-10-02 17:07:47 0 [Note] InnoDB: Using SSE2 crc32 instructions
2026-10-02 17:07:47 0 [Note] InnoDB: Initializing buffer pool, total size = 16M, instances = 1, chunk size = 16M
2026-10-02 17:07:47 0 [Note] InnoDB: Completed initialization of buffer pool
2026-10-02 17:07:47 0 [Note] InnoDB: 128 out of 128 rollback segments are active.
2026-10-02 17:07:47 0 [Note] InnoDB: Creating shared tablespace for temporary tables
2026-10-02 17:07:47 0 [Note] InnoDB: Setting file 'C:\xampp\mysql\data\ibtmp1' size to 12 MB. Physically writing the file full; Please wait ...
2026-10-02 17:07:47 0 [Note] InnoDB: File 'C:\xampp\mysql\data\ibtmp1' size is now 12 MB.
2026-10-02 17:07:47 0 [Note] InnoDB: Waiting for purge to start
2026-10-02 17:07:47 0 [Note] InnoDB: 10.4.32 started; log sequence number 710984; transaction id 550
2026-10-02 17:07:47 0 [Note] InnoDB: Loading buffer pool(s) from C:\xampp\mysql\data\ib_buffer_pool
2026-10-02 17:07:47 0 [Note] Plugin 'FEEDBACK' is disabled.
2026-10-02 17:07:47 0 [Note] Server socket created on IP: '::'.
2026-10-02 17:07:47 0 [ERROR] Can't start server: Bind on TCP/IP port. Got error: 10048: Only one usage of each socket address (protocol/network address/port) is normally permitted.

2026-10-02 17:07:47 0 [Note] InnoDB: Buffer pool(s) load completed at 261002 17:07:47
2026-10-02 17:07:47 0 [ERROR] Do you already have another mysqld server running on port: 3306 ?
2026-10-02 17:07:47 0 [ERROR] Aborting
2026-10-02 17:08:35 0 [Note] Starting MariaDB 10.4.32-MariaDB source revision c4143f909528e3fab0677a28631d10389354c491 as process 10616
2026-10-02 17:08:35 0 [Note] InnoDB: Mutexes and rw_locks use Windows interlocked functions
2026-10-02 17:08:35 0 [Note] InnoDB: Uses event mutexes
2026-10-02 17:08:35 0 [Note] InnoDB: Compressed tables use zlib 1.3
2026-10-02 17:08:35 0 [Note] InnoDB: Number of pools: 1
2026-10-02 17:08:35 0 [Note] InnoDB: Using SSE2 crc32 instructions
2026-10-02 17:08:35 0 [Note] InnoDB: Initializing buffer pool, total size = 16M, instances = 1, chunk size = 16M
2026-10-02 17:08:35 0 [Note] InnoDB: Completed initialization of buffer pool
2026-10-02 17:08:35 0 [Note] InnoDB: 128 out of 128 rollback segments are active.
2026-10-02 17:08:35 0 [Note] InnoDB: Creating shared tablespace for temporary tables
2026-10-02 17:08:35 0 [Note] InnoDB: Setting file 'C:\xampp\mysql\data\ibtmp1' size to 12 MB. Physically writing the file full; Please wait ...
2026-10-02 17:08:35 0 [Note] InnoDB: File 'C:\xampp\mysql\data\ibtmp1' size is now 12 MB.
2026-10-02 17:08:35 0 [Note] InnoDB: Waiting for purge to start
2026-10-02 17:08:35 0 [Note] InnoDB: 10.4.32 started; log sequence number 710993; transaction id 550
2026-10-02 17:08:35 0 [Note] InnoDB: Loading buffer pool(s) from C:\xampp\mysql\data\ib_buffer_pool
2026-10-02 17:08:35 0 [Note] Plugin 'FEEDBACK' is disabled.
2026-10-02 17:08:35 0 [Note] Server socket created on IP: '::'.
2026-10-02 17:08:35 0 [ERROR] Can't start server: Bind on TCP/IP port. Got error: 10048: Only one usage of each socket address (protocol/network address/port) is normally permitted.

2026-10-02 17:08:35 0 [Note] InnoDB: Buffer pool(s) load completed at 261002 17:08:35
2026-10-02 17:08:35 0 [ERROR] Do you already have another mysqld server running on port: 3306 ?
2026-10-02 17:08:35 0 [ERROR] Aborting
2026-10-02 17:09:54 0 [Note] Starting MariaDB 10.4.32-MariaDB source revision c4143f909528e3fab0677a28631d10389354c491 as process 26544
2026-10-02 17:09:54 0 [Note] InnoDB: Mutexes and rw_locks use Windows interlocked functions
2026-10-02 17:09:54 0 [Note] InnoDB: Uses event mutexes
2026-10-02 17:09:54 0 [Note] InnoDB: Compressed tables use zlib 1.3
2026-10-02 17:09:54 0 [Note] InnoDB: Number of pools: 1
2026-10-02 17:09:54 0 [Note] InnoDB: Using SSE2 crc32 instructions
2026-10-02 17:09:54 0 [Note] InnoDB: Initializing buffer pool, total size = 16M, instances = 1, chunk size = 16M
2026-10-02 17:09:54 0 [Note] InnoDB: Completed initialization of buffer pool
2026-10-02 17:09:55 0 [Note] InnoDB: 128 out of 128 rollback segments are active.
2026-10-02 17:09:55 0 [Note] InnoDB: Creating shared tablespace for temporary tables
2026-10-02 17:09:55 0 [Note] InnoDB: Setting file 'C:\xampp\mysql\data\ibtmp1' size to 12 MB. Physically writing the file full; Please wait ...
2026-10-02 17:09:55 0 [Note] InnoDB: File 'C:\xampp\mysql\data\ibtmp1' size is now 12 MB.
2026-10-02 17:09:55 0 [Note] InnoDB: Waiting for purge to start
2026-10-02 17:09:55 0 [Note] InnoDB: 10.4.32 started; log sequence number 711002; transaction id 550
2026-10-02 17:09:55 0 [Note] InnoDB: Loading buffer pool(s) from C:\xampp\mysql\data\ib_buffer_pool
2026-10-02 17:09:55 0 [Note] Plugin 'FEEDBACK' is disabled.
2026-10-02 17:09:55 0 [Note] Server socket created on IP: '::'.
2026-10-02 17:09:55 0 [ERROR] Can't start server: Bind on TCP/IP port. Got error: 10048: Only one usage of each socket address (protocol/network address/port) is normally permitted.

2026-10-02 17:09:55 0 [Note] InnoDB: Buffer pool(s) load completed at 261002 17:09:55
2026-10-02 17:09:55 0 [ERROR] Do you already have another mysqld server running on port: 3306 ?
2026-10-02 17:09:55 0 [ERROR] Aborting
2026-10-02 17:18:36 0 [Note] Starting MariaDB 10.4.32-MariaDB source revision c4143f909528e3fab0677a28631d10389354c491 as process 17736
2026-10-02 17:18:36 0 [Note] InnoDB: Mutexes and rw_locks use Windows interlocked functions
2026-10-02 17:18:36 0 [Note] InnoDB: Uses event mutexes
2026-10-02 17:18:36 0 [Note] InnoDB: Compressed tables use zlib 1.3
2026-10-02 17:18:36 0 [Note] InnoDB: Number of pools: 1
2026-10-02 17:18:36 0 [Note] InnoDB: Using SSE2 crc32 instructions
2026-10-02 17:18:36 0 [Note] InnoDB: Initializing buffer pool, total size = 16M, instances = 1, chunk size = 16M
2026-10-02 17:18:36 0 [Note] InnoDB: Completed initialization of buffer pool
2026-10-02 17:18:36 0 [Note] InnoDB: 128 out of 128 rollback segments are active.
2026-10-02 17:18:36 0 [Note] InnoDB: Creating shared tablespace for temporary tables
2026-10-02 17:18:36 0 [Note] InnoDB: Setting file 'C:\xampp\mysql\data\ibtmp1' size to 12 MB. Physically writing the file full; Please wait ...
2026-10-02 17:18:36 0 [Note] InnoDB: File 'C:\xampp\mysql\data\ibtmp1' size is now 12 MB.
2026-10-02 17:18:36 0 [Note] InnoDB: Waiting for purge to start
2026-10-02 17:18:37 0 [Note] InnoDB: 10.4.32 started; log sequence number 711011; transaction id 550
2026-10-02 17:18:37 0 [Note] InnoDB: Loading buffer pool(s) from C:\xampp\mysql\data\ib_buffer_pool
2026-10-02 17:18:37 0 [Note] Plugin 'FEEDBACK' is disabled.
2026-10-02 17:18:37 0 [Note] Server socket created on IP: '::'.
2026-10-02 17:18:37 0 [ERROR] Can't start server: Bind on TCP/IP port. Got error: 10048: Only one usage of each socket address (protocol/network address/port) is normally permitted.

2026-10-02 17:18:37 0 [Note] InnoDB: Buffer pool(s) load completed at 261002 17:18:37
2026-10-02 17:18:37 0 [ERROR] Do you already have another mysqld server running on port: 3306 ?
2026-10-02 17:18:37 0 [ERROR] Aborting
2026-10-02 17:19:10 0 [Note] Starting MariaDB 10.4.32-MariaDB source revision c4143f909528e3fab0677a28631d10389354c491 as process 24768
2026-10-02 17:19:10 0 [Note] InnoDB: Mutexes and rw_locks use Windows interlocked functions
2026-10-02 17:19:10 0 [Note] InnoDB: Uses event mutexes
2026-10-02 17:19:10 0 [Note] InnoDB: Compressed tables use zlib 1.3
2026-10-02 17:19:10 0 [Note] InnoDB: Number of pools: 1
2026-10-02 17:19:10 0 [Note] InnoDB: Using SSE2 crc32 instructions
2026-10-02 17:19:10 0 [Note] InnoDB: Initializing buffer pool, total size = 16M, instances = 1, chunk size = 16M
2026-10-02 17:19:10 0 [Note] InnoDB: Completed initialization of buffer pool
2026-10-02 17:19:10 0 [Note] InnoDB: 128 out of 128 rollback segments are active.
2026-10-02 17:19:10 0 [Note] InnoDB: Creating shared tablespace for temporary tables
2026-10-02 17:19:10 0 [Note] InnoDB: Setting file 'C:\xampp\mysql\data\ibtmp1' size to 12 MB. Physically writing the file full; Please wait ...
2026-10-02 17:19:10 0 [Note] InnoDB: File 'C:\xampp\mysql\data\ibtmp1' size is now 12 MB.
2026-10-02 17:19:10 0 [Note] InnoDB: Waiting for purge to start
2026-10-02 17:19:10 0 [Note] InnoDB: 10.4.32 started; log sequence number 711020; transaction id 550
2026-10-02 17:19:10 0 [Note] InnoDB: Loading buffer pool(s) from C:\xampp\mysql\data\ib_buffer_pool
2026-10-02 17:19:10 0 [Note] Plugin 'FEEDBACK' is disabled.
2026-10-02 17:19:10 0 [Note] Server socket created on IP: '::'.
2026-10-02 17:19:10 0 [ERROR] Can't start server: Bind on TCP/IP port. Got error: 10048: Only one usage of each socket address (protocol/network address/port) is normally permitted.

2026-10-02 17:19:10 0 [Note] InnoDB: Buffer pool(s) load completed at 261002 17:19:10
2026-10-02 17:19:10 0 [ERROR] Do you already have another mysqld server running on port: 3306 ?
2026-10-02 17:19:10 0 [ERROR] Aborting
2026-10-02 17:19:48 0 [Note] Starting MariaDB 10.4.32-MariaDB source revision c4143f909528e3fab0677a28631d10389354c491 as process 10132
2026-10-02 17:19:48 0 [Note] InnoDB: Mutexes and rw_locks use Windows interlocked functions
2026-10-02 17:19:48 0 [Note] InnoDB: Uses event mutexes
2026-10-02 17:19:48 0 [Note] InnoDB: Compressed tables use zlib 1.3
2026-10-02 17:19:48 0 [Note] InnoDB: Number of pools: 1
2026-10-02 17:19:48 0 [Note] InnoDB: Using SSE2 crc32 instructions
2026-10-02 17:19:48 0 [Note] InnoDB: Initializing buffer pool, total size = 16M, instances = 1, chunk size = 16M
2026-10-02 17:19:48 0 [Note] InnoDB: Completed initialization of buffer pool
2026-10-02 17:19:48 0 [Note] InnoDB: 128 out of 128 rollback segments are active.
2026-10-02 17:19:48 0 [Note] InnoDB: Creating shared tablespace for temporary tables
2026-10-02 17:19:48 0 [Note] InnoDB: Setting file 'C:\xampp\mysql\data\ibtmp1' size to 12 MB. Physically writing the file full; Please wait ...
2026-10-02 17:19:48 0 [Note] InnoDB: File 'C:\xampp\mysql\data\ibtmp1' size is now 12 MB.
2026-10-02 17:19:48 0 [Note] InnoDB: 10.4.32 started; log sequence number 711029; transaction id 550
2026-10-02 17:19:48 0 [Note] InnoDB: Loading buffer pool(s) from C:\xampp\mysql\data\ib_buffer_pool
2026-10-02 17:19:48 0 [Note] Plugin 'FEEDBACK' is disabled.
2026-10-02 17:19:48 0 [Note] Server socket created on IP: '::'.
2026-10-02 17:19:48 0 [ERROR] Can't start server: Bind on TCP/IP port. Got error: 10048: Only one usage of each socket address (protocol/network address/port) is normally permitted.

2026-10-02 17:19:48 0 [ERROR] Do you already have another mysqld server running on port: 3306 ?
2026-10-02 17:19:48 0 [Note] InnoDB: Buffer pool(s) load completed at 261002 17:19:48
2026-10-02 17:19:48 0 [ERROR] Aborting
2026-10-02 17:20:05 0 [Note] Starting MariaDB 10.4.32-MariaDB source revision c4143f909528e3fab0677a28631d10389354c491 as process 20824
2026-10-02 17:20:05 0 [Note] InnoDB: Mutexes and rw_locks use Windows interlocked functions
2026-10-02 17:20:05 0 [Note] InnoDB: Uses event mutexes
2026-10-02 17:20:05 0 [Note] InnoDB: Compressed tables use zlib 1.3
2026-10-02 17:20:05 0 [Note] InnoDB: Number of pools: 1
2026-10-02 17:20:05 0 [Note] InnoDB: Using SSE2 crc32 instructions
2026-10-02 17:20:05 0 [Note] InnoDB: Initializing buffer pool, total size = 16M, instances = 1, chunk size = 16M
2026-10-02 17:20:05 0 [Note] InnoDB: Completed initialization of buffer pool
2026-10-02 17:20:05 0 [Note] InnoDB: 128 out of 128 rollback segments are active.
2026-10-02 17:20:05 0 [Note] InnoDB: Creating shared tablespace for temporary tables
2026-10-02 17:20:05 0 [Note] InnoDB: Setting file 'C:\xampp\mysql\data\ibtmp1' size to 12 MB. Physically writing the file full; Please wait ...
2026-10-02 17:20:05 0 [Note] InnoDB: File 'C:\xampp\mysql\data\ibtmp1' size is now 12 MB.
2026-10-02 17:20:05 0 [Note] InnoDB: Waiting for purge to start
2026-10-02 17:20:05 0 [Note] InnoDB: 10.4.32 started; log sequence number 711038; transaction id 550
2026-10-02 17:20:05 0 [Note] InnoDB: Loading buffer pool(s) from C:\xampp\mysql\data\ib_buffer_pool
2026-10-02 17:20:05 0 [Note] Plugin 'FEEDBACK' is disabled.
2026-10-02 17:20:05 0 [Note] Server socket created on IP: '::'.
2026-10-02 17:20:05 0 [ERROR] Can't start server: Bind on TCP/IP port. Got error: 10048: Only one usage of each socket address (protocol/network address/port) is normally permitted.

2026-10-02 17:20:05 0 [Note] InnoDB: Buffer pool(s) load completed at 261002 17:20:05
2026-10-02 17:20:05 0 [ERROR] Do you already have another mysqld server running on port: 3306 ?
2026-10-02 17:20:05 0 [ERROR] Aborting
2026-10-02 17:33:26 0 [Note] Starting MariaDB 10.4.32-MariaDB source revision c4143f909528e3fab0677a28631d10389354c491 as process 14300
2026-10-02 17:33:26 0 [Note] InnoDB: Mutexes and rw_locks use Windows interlocked functions
2026-10-02 17:33:26 0 [Note] InnoDB: Uses event mutexes
2026-10-02 17:33:26 0 [Note] InnoDB: Compressed tables use zlib 1.3
2026-10-02 17:33:26 0 [Note] InnoDB: Number of pools: 1
2026-10-02 17:33:26 0 [Note] InnoDB: Using SSE2 crc32 instructions
2026-10-02 17:33:26 0 [Note] InnoDB: Initializing buffer pool, total size = 16M, instances = 1, chunk size = 16M
2026-10-02 17:33:26 0 [Note] InnoDB: Completed initialization of buffer pool
2026-10-02 17:33:26 0 [Note] InnoDB: 128 out of 128 rollback segments are active.
2026-10-02 17:33:26 0 [Note] InnoDB: Creating shared tablespace for temporary tables
2026-10-02 17:33:26 0 [Note] InnoDB: Setting file 'C:\xampp\mysql\data\ibtmp1' size to 12 MB. Physically writing the file full; Please wait ...
2026-10-02 17:33:26 0 [Note] InnoDB: File 'C:\xampp\mysql\data\ibtmp1' size is now 12 MB.
2026-10-02 17:33:26 0 [Note] InnoDB: Waiting for purge to start
2026-10-02 17:33:26 0 [Note] InnoDB: 10.4.32 started; log sequence number 711047; transaction id 550
2026-10-02 17:33:26 0 [Note] InnoDB: Loading buffer pool(s) from C:\xampp\mysql\data\ib_buffer_pool
2026-10-02 17:33:26 0 [Note] Plugin 'FEEDBACK' is disabled.
2026-10-02 17:33:26 0 [Note] Server socket created on IP: '::'.
2026-10-02 17:33:26 0 [ERROR] Can't start server: Bind on TCP/IP port. Got error: 10048: Only one usage of each socket address (protocol/network address/port) is normally permitted.

2026-10-02 17:33:26 0 [Note] InnoDB: Buffer pool(s) load completed at 261002 17:33:26
2026-10-02 17:33:26 0 [ERROR] Do you already have another mysqld server running on port: 3306 ?
2026-10-02 17:33:26 0 [ERROR] Aborting
